// Vitest Snapshot v1, https://vitest.dev/guide/snapshot.html

exports[`page-restaurant > handles fetch error 1`] = `
"<div class=\\"v-alert v-theme--light text-warning v-alert--density-default v-alert--variant-tonal mt-4\\" role=\\"alert\\">
  <!----><span class=\\"v-alert__underlay\\"></span>
  <!---->
  <div class=\\"v-alert__prepend\\"><i class=\\"mdi-alert-circle mdi v-icon notranslate v-theme--light\\" style=\\"font-size: 28px; height: 28px; width: 28px;\\" aria-hidden=\\"true\\" density=\\"default\\"></i></div>
  <div class=\\"v-alert__content\\">
    <!---->
    <!----> TODO: It might be an Fetch error <br> You should fix that
  </div>
  <!---->
  <!---->
</div>"
`;
